[0.946s] Invoking command in '/ros2_ws/src/trash_vision': PYTHONPATH=/ros2_ws/build/trash_vision/prefix_override:/usr/lib/python3/dist-packages/colcon_core/task/python/colcon_distutils_commands:/ros2_ws/install/trash_vision/lib/python3.12/site-packages:${PYTHONPATH} /usr/bin/python3 -W ignore:setup.py install is deprecated -W ignore:easy_install command is deprecated setup.py egg_info --egg-base ../../build/trash_vision build --build-base /ros2_ws/build/trash_vision/build install --record /ros2_ws/build/trash_vision/install.log --install-scripts $base/lib/trash_vision --single-version-externally-managed install_data
[1.206s] running egg_info
[1.220s] writing ../../build/trash_vision/trash_vision.egg-info/PKG-INFO
[1.221s] writing dependency_links to ../../build/trash_vision/trash_vision.egg-info/dependency_links.txt
[1.222s] writing entry points to ../../build/trash_vision/trash_vision.egg-info/entry_points.txt
[1.223s] writing requirements to ../../build/trash_vision/trash_vision.egg-info/requires.txt
[1.223s] writing top-level names to ../../build/trash_vision/trash_vision.egg-info/top_level.txt
[1.255s] reading manifest file '../../build/trash_vision/trash_vision.egg-info/SOURCES.txt'
[1.257s] writing manifest file '../../build/trash_vision/trash_vision.egg-info/SOURCES.txt'
[1.257s] running build
[1.257s] running build_py
[1.257s] copying trash_vision/detector_node.py -> /ros2_ws/build/trash_vision/build/lib/trash_vision
[1.257s] copying trash_vision/__init__.py -> /ros2_ws/build/trash_vision/build/lib/trash_vision
[1.258s] running install
[1.264s] running install_lib
[1.280s] copying /ros2_ws/build/trash_vision/build/lib/trash_vision/detector_node.py -> /ros2_ws/install/trash_vision/lib/python3.12/site-packages/trash_vision
[1.280s] byte-compiling /ros2_ws/install/trash_vision/lib/python3.12/site-packages/trash_vision/detector_node.py to detector_node.cpython-312.pyc
[1.283s] running install_data
[1.284s] copying resource/trash_vision -> /ros2_ws/install/trash_vision/share/ament_index/resource_index/packages
[1.284s] copying package.xml -> /ros2_ws/install/trash_vision/share/trash_vision
[1.284s] running install_egg_info
[1.300s] removing '/ros2_ws/install/trash_vision/lib/python3.12/site-packages/trash_vision-0.0.0-py3.12.egg-info' (and everything under it)
[1.300s] Copying ../../build/trash_vision/trash_vision.egg-info to /ros2_ws/install/trash_vision/lib/python3.12/site-packages/trash_vision-0.0.0-py3.12.egg-info
[1.301s] running install_scripts
[1.333s] Installing detector script to /ros2_ws/install/trash_vision/lib/trash_vision
[1.333s] writing list of installed files to '/ros2_ws/build/trash_vision/install.log'
[1.387s] Invoked command in '/ros2_ws/src/trash_vision' returned '0': PYTHONPATH=/ros2_ws/build/trash_vision/prefix_override:/usr/lib/python3/dist-packages/colcon_core/task/python/colcon_distutils_commands:/ros2_ws/install/trash_vision/lib/python3.12/site-packages:${PYTHONPATH} /usr/bin/python3 -W ignore:setup.py install is deprecated -W ignore:easy_install command is deprecated setup.py egg_info --egg-base ../../build/trash_vision build --build-base /ros2_ws/build/trash_vision/build install --record /ros2_ws/build/trash_vision/install.log --install-scripts $base/lib/trash_vision --single-version-externally-managed install_data
