running develop
running egg_info
creating trash_vision.egg-info
writing trash_vision.egg-info/PKG-INFO
writing dependency_links to trash_vision.egg-info/dependency_links.txt
writing entry points to trash_vision.egg-info/entry_points.txt
writing requirements to trash_vision.egg-info/requires.txt
writing top-level names to trash_vision.egg-info/top_level.txt
writing manifest file 'trash_vision.egg-info/SOURCES.txt'
reading manifest file 'trash_vision.egg-info/SOURCES.txt'
writing manifest file 'trash_vision.egg-info/SOURCES.txt'
running build_ext
Creating /ros2_ws/install/trash_vision/lib/python3.12/site-packages/trash-vision.egg-link (link to .)
Installing detector script to /ros2_ws/install/trash_vision/lib/trash_vision

Installed /ros2_ws/build/trash_vision
running symlink_data
creating /ros2_ws/install/trash_vision/share/ament_index
creating /ros2_ws/install/trash_vision/share/ament_index/resource_index
creating /ros2_ws/install/trash_vision/share/ament_index/resource_index/packages
symbolically linking /ros2_ws/build/trash_vision/resource/trash_vision -> /ros2_ws/install/trash_vision/share/ament_index/resource_index/packages
symbolically linking /ros2_ws/build/trash_vision/package.xml -> /ros2_ws/install/trash_vision/share/trash_vision
