running egg_info
creating ../../build/trash_vision/trash_vision.egg-info
writing ../../build/trash_vision/trash_vision.egg-info/PKG-INFO
writing dependency_links to ../../build/trash_vision/trash_vision.egg-info/dependency_links.txt
writing entry points to ../../build/trash_vision/trash_vision.egg-info/entry_points.txt
writing requirements to ../../build/trash_vision/trash_vision.egg-info/requires.txt
writing top-level names to ../../build/trash_vision/trash_vision.egg-info/top_level.txt
writing manifest file '../../build/trash_vision/trash_vision.egg-info/SOURCES.txt'
reading manifest file '../../build/trash_vision/trash_vision.egg-info/SOURCES.txt'
writing manifest file '../../build/trash_vision/trash_vision.egg-info/SOURCES.txt'
running build
running build_py
creating /ros2_ws/build/trash_vision/build/lib/trash_vision
copying trash_vision/detector_node.py -> /ros2_ws/build/trash_vision/build/lib/trash_vision
copying trash_vision/__init__.py -> /ros2_ws/build/trash_vision/build/lib/trash_vision
running install
running install_lib
creating /ros2_ws/install/trash_vision/lib/python3.12/site-packages/trash_vision
copying /ros2_ws/build/trash_vision/build/lib/trash_vision/detector_node.py -> /ros2_ws/install/trash_vision/lib/python3.12/site-packages/trash_vision
copying /ros2_ws/build/trash_vision/build/lib/trash_vision/__init__.py -> /ros2_ws/install/trash_vision/lib/python3.12/site-packages/trash_vision
byte-compiling /ros2_ws/install/trash_vision/lib/python3.12/site-packages/trash_vision/detector_node.py to detector_node.cpython-312.pyc
byte-compiling /ros2_ws/install/trash_vision/lib/python3.12/site-packages/trash_vision/__init__.py to __init__.cpython-312.pyc
running install_data
creating /ros2_ws/install/trash_vision/share/ament_index/resource_index/packages
copying resource/trash_vision -> /ros2_ws/install/trash_vision/share/ament_index/resource_index/packages
copying package.xml -> /ros2_ws/install/trash_vision/share/trash_vision
running install_egg_info
Copying ../../build/trash_vision/trash_vision.egg-info to /ros2_ws/install/trash_vision/lib/python3.12/site-packages/trash_vision-0.0.0-py3.12.egg-info
running install_scripts
Installing detector script to /ros2_ws/install/trash_vision/lib/trash_vision
writing list of installed files to '/ros2_ws/build/trash_vision/install.log'
